// Jest Snapshot v1, https://goo.gl/fbAQLP

exports[`fixtures should match the snapshot 1`] = `
{
  "Counter.tsx": {
    "errors": [
      "prettier/prettier",
      "prettier/prettier",
    ],
    "warnings": [
      "react/no-children-prop",
      "jsx-a11y/aria-role",
    ],
  },
  "mod.ts": {
    "errors": [],
    "warnings": [],
  },
  "sum.ts": {
    "errors": [
      "default-param-last",
      "prefer-regex-literals",
      "@typescript-eslint/no-shadow",
      "prettier/prettier",
    ],
    "warnings": [
      "no-div-regex",
    ],
  },
}
`;
